[debug] [2026-06-15T08:58:31.640Z] ----------------------------------------------------------------------
[debug] [2026-06-15T08:58:31.643Z] Command:       C:\Program Files\nodejs\node.exe C:\Users\sasha\AppData\Roaming\npm\node_modules\firebase-tools\lib\bin\firebase.js projects:list
[debug] [2026-06-15T08:58:31.644Z] CLI Version:   14.22.0
[debug] [2026-06-15T08:58:31.644Z] Platform:      win32
[debug] [2026-06-15T08:58:31.644Z] Node Version:  v22.22.2
[debug] [2026-06-15T08:58:31.644Z] Time:          Mon Jun 15 2026 11:58:31 GMT+0300 (Москва, стандартное время)
[debug] [2026-06-15T08:58:31.644Z] ----------------------------------------------------------------------
[debug] 
[debug] [2026-06-15T08:58:31.652Z] > command requires scopes: ["email","openid","https://www.googleapis.com/auth/cloudplatformprojects.readonly","https://www.googleapis.com/auth/firebase","https://www.googleapis.com/auth/cloud-platform"]
[debug] [2026-06-15T08:58:31.652Z] > authorizing via signed-in user (sanejkstrronger@gmail.com)
[debug] [2026-06-15T08:58:31.656Z] Checked if tokens are valid: false, expires at: 1761818153727
[debug] [2026-06-15T08:58:31.656Z] Checked if tokens are valid: false, expires at: 1761818153727
[debug] [2026-06-15T08:58:31.656Z] > refreshing access token with scopes: []
[debug] [2026-06-15T08:58:31.659Z] >>> [apiv2][query] POST https://www.googleapis.com/oauth2/v3/token [none]
[debug] [2026-06-15T08:58:31.659Z] >>> [apiv2][body] POST https://www.googleapis.com/oauth2/v3/token [omitted]
[debug] [2026-06-15T08:58:31.727Z] <<< [apiv2][status] POST https://www.googleapis.com/oauth2/v3/token 400
[debug] [2026-06-15T08:58:31.727Z] <<< [apiv2][body] POST https://www.googleapis.com/oauth2/v3/token [omitted]
[debug] [2026-06-15T08:58:31.728Z] >>> [apiv2][query] GET https://firebase.googleapis.com/v1beta1/projects pageSize=1000
[debug] [2026-06-15T08:58:32.510Z] <<< [apiv2][status] GET https://firebase.googleapis.com/v1beta1/projects 401
[debug] [2026-06-15T08:58:32.510Z] <<< [apiv2][body] GET https://firebase.googleapis.com/v1beta1/projects [omitted]
[debug] [2026-06-15T08:58:32.510Z] Got a 401 Unauthenticated error for a call that required authentication. Refreshing tokens.
[debug] [2026-06-15T08:58:32.510Z] Checked if tokens are valid: false, expires at: 1761818153727
[debug] [2026-06-15T08:58:32.510Z] Checked if tokens are valid: false, expires at: 1761818153727
[debug] [2026-06-15T08:58:32.510Z] > refreshing access token with scopes: []
[debug] [2026-06-15T08:58:32.510Z] >>> [apiv2][query] POST https://www.googleapis.com/oauth2/v3/token [none]
[debug] [2026-06-15T08:58:32.510Z] >>> [apiv2][body] POST https://www.googleapis.com/oauth2/v3/token [omitted]
[debug] [2026-06-15T08:58:32.529Z] <<< [apiv2][status] POST https://www.googleapis.com/oauth2/v3/token 400
[debug] [2026-06-15T08:58:32.529Z] <<< [apiv2][body] POST https://www.googleapis.com/oauth2/v3/token [omitted]
[debug] [2026-06-15T08:58:32.530Z] Request to https://firebase.googleapis.com/v1beta1/projects?pageSize=1000 had HTTP Error: 401, Request had invalid authentication credentials. Expected OAuth 2 access token, login cookie or other valid authentication credential. See https://developers.google.com/identity/sign-in/web/devconsole-project.
[debug] [2026-06-15T08:58:32.531Z] FirebaseError: Request to https://firebase.googleapis.com/v1beta1/projects?pageSize=1000 had HTTP Error: 401, Request had invalid authentication credentials. Expected OAuth 2 access token, login cookie or other valid authentication credential. See https://developers.google.com/identity/sign-in/web/devconsole-project.
    at responseToError (C:\Users\sasha\AppData\Roaming\npm\node_modules\firebase-tools\lib\responseToError.js:53:12)
    at RetryOperation._fn (C:\Users\sasha\AppData\Roaming\npm\node_modules\firebase-tools\lib\apiv2.js:312:77)
    at process.processTicksAndRejections (node:internal/process/task_queues:103:5)
[error] 
[error] Error: Failed to list Firebase projects. See firebase-debug.log for more info.
